shift: Lnop (nop)
shift: ';' (;)
reduce to statement
reduce to statements
shift: Lexotic (exotic)
shift: identifier (aaa)
reduce to primary_expression
shift: '->' (->)
shift: Linvoke (invoke)
reduce to exotic_call_prefix
shift: '(' (()
shift: ')' ())
reduce to exotic_call
shift: ';' (;)
reduce to statement
reduce to statements
shift: Lexotic (exotic)
shift: '{' ({)
